<html>
<body>
<pre>
<h1>µVision Build Log</h1>
<h2>Tool Versions:</h2>
IDE-Version: ¦ÌVision V5.36.0.0
Copyright (C) 2021 ARM Ltd and ARM Germany GmbH. All rights reserved.
License Information: 1 Lenovo, 1, LIC=----
 
Tool Versions:
Toolchain:       MDK-Lite  Version: 5.36.0.0
Toolchain Path:  F:\qianrushi\ARM\ARMCC\Bin
C Compiler:      Armcc.exe V5.06 update 7 (build 960)
Assembler:       Armasm.exe V5.06 update 7 (build 960)
Linker/Locator:  ArmLink.exe V5.06 update 7 (build 960)
Library Manager: ArmAr.exe V5.06 update 7 (build 960)
Hex Converter:   FromElf.exe V5.06 update 7 (build 960)
CPU DLL:         SARMCM3.DLL V5.36.0.0
Dialog DLL:      DCM.DLL V1.17.3.0
Target DLL:      STLink\ST-LINKIII-KEIL_SWO.dll V3.0.9.0
Dialog DLL:      TCM.DLL V1.53.0.0
 
<h2>Project:</h2>
F:\STM32TEST\test\MDK-ARM\test.uvprojx
Project File Date:  05/25/2026

<h2>Output:</h2>
*** Using Compiler 'V5.06 update 7 (build 960)', folder: 'F:\qianrushi\ARM\ARMCC\Bin'
Rebuild target 'test'
assembling startup_stm32f411xe.s...
compiling app_data.c...
compiling stm32f4xx_hal_msp.c...
compiling app_key.c...
compiling stm32f4xx_it.c...
compiling app_sensor.c...
compiling stm32f4xx_hal_rcc_ex.c...
compiling app_actuator.c...
compiling app_clock.c...
compiling main.c...
compiling app_esp8266.c...
compiling app_ui.c...
../User/OLED/ssd1306_fonts.h(41): warning:  #1-D: last line of file ends without a newline
  #endif
../User/OLED/ssd1306.h(208): warning:  #1295-D: Deprecated declaration ssd1306_GetDisplayOn - give arg types
  uint8_t ssd1306_GetDisplayOn();
..\User\App\app_ui.c: 2 warnings, 0 errors
compiling stm32f4xx_hal_flash.c...
compiling stm32f4xx_hal_adc_ex.c...
compiling stm32f4xx_hal_flash_ex.c...
compiling stm32f4xx_hal_adc.c...
compiling stm32f4xx_hal_rcc.c...
compiling ssd1306_fonts.c...
..\User\OLED\ssd1306_fonts.h(41): warning:  #1-D: last line of file ends without a newline
  #endif
..\User\OLED\ssd1306_fonts.c: 1 warning, 0 errors
compiling stm32f4xx_hal_flash_ramfunc.c...
compiling stm32f4xx_hal_pwr.c...
compiling stm32f4xx_hal_gpio.c...
compiling stm32f4xx_hal_pwr_ex.c...
compiling stm32f4xx_hal_cortex.c...
compiling stm32f4xx_hal_dma_ex.c...
compiling stm32f4xx_hal_dma.c...
compiling stm32f4xx_hal.c...
compiling stm32f4xx_hal_i2c_ex.c...
compiling stm32f4xx_hal_exti.c...
compiling system_stm32f4xx.c...
compiling ssd1306.c...
..\User\OLED\ssd1306_fonts.h(41): warning:  #1-D: last line of file ends without a newline
  #endif
..\User\OLED\ssd1306.h(208): warning:  #1295-D: Deprecated declaration ssd1306_GetDisplayOn - give arg types
  uint8_t ssd1306_GetDisplayOn();
..\User\OLED\ssd1306.c: 2 warnings, 0 errors
compiling stm32f4xx_hal_uart.c...
compiling stm32f4xx_hal_i2c.c...
linking...
Program Size: Code=15860 RO-data=2704 RW-data=200 ZI-data=2464  
FromELF: creating hex file...
"test\test.axf" - 0 Error(s), 5 Warning(s).

<h2>Software Packages used:</h2>

Package Vendor: ARM
                http://www.keil.com/pack/ARM.CMSIS.5.8.0.pack
                ARM.CMSIS.5.8.0
                CMSIS (Common Microcontroller Software Interface Standard)
   * Component: CORE Version: 5.5.0

Package Vendor: Keil
                https://www.keil.com/pack/Keil.STM32F4xx_DFP.2.17.1.pack
                Keil.STM32F4xx_DFP.2.17.1
                STMicroelectronics STM32F4 Series Device Support, Drivers and Examples

<h2>Collection of Component include folders:</h2>
  .\RTE\_test
  F:\qianrushi\ARM\CMSIS\5.8.0\CMSIS\Core\Include
  F:\qianrushi\Keil\STM32F4xx_DFP\2.17.1\Drivers\CMSIS\Device\ST\STM32F4xx\Include

<h2>Collection of Component Files used:</h2>

   * Component: ARM::CMSIS:CORE:5.5.0
Build Time Elapsed:  00:00:03
</pre>
</body>
</html>
